node.exe : - Building...
At C:\Users\iamhi\AppData\Roaming\npm\ng.ps1:24 
char:5
+     & "node$exe"  
"$basedir/node_modules/@angular/cli/bin/ng.js" 
$arg ...
+     ~~~~~~~~~~~~~~~~~~~~~~~~~~~~~~~~~~~~~~~~~~~~
~~~~~~~~~~~~~~~~~~~~~
    + CategoryInfo          : NotSpecified: (- Bu 
   ilding...:String) [], RemoteException
    + FullyQualifiedErrorId : NativeCommandError
 

Application bundle generation failed. [10.028 seconds]

X [ERROR] NG2: Type 'string' is not assignable to 
type '"UPI" | "Card"'. [plugin angular-compiler]

    src/app/buy/buy.component.html:72:49:
      72 Γöé ...og *ngIf="showPaymentDialog" 
[mode]="selectedPaymentMode" (conf...
         Γò╡                                  ~~~~

  Error occurs in the template of component 
BuyComponent.

    src/app/buy/buy.component.ts:11:15:
      11 Γöé   templateUrl: 
'./buy.component.html',
         Γò╡                ~~~~~~~~~~~~~~~~~~~~~~


